[2026-08-26 18:06:12] [INFO] 测试开始: 登录页可正常渲染且提供社交登录入口
[2026-08-26 18:06:12] [INFO] 打开登录页 /login
[2026-08-26 18:06:16] [INFO] 登录页可见
[2026-08-26 18:06:16] [INFO] 登录页渲染完整：4 个社交入口 + 邮箱输入
[2026-08-26 18:06:16] [INFO] 测试结束: 登录页可正常渲染且提供社交登录入口
[2026-08-26 18:06:16] [INFO] 测试开始: 访问受保护路由会引导到登录页
[2026-08-26 18:06:23] [INFO] 受保护路由正确引导至登录页
[2026-08-26 18:06:23] [INFO] 测试结束: 访问受保护路由会引导到登录页
[2026-08-26 18:06:23] [INFO] 测试开始: 侧边栏登录入口可点击
[2026-08-26 18:06:23] [INFO] 打开对话页面 /new_chat
[2026-08-26 18:06:28] [INFO] 对话页输入框可见
[2026-08-26 18:06:29] [INFO] 点击侧边栏登录入口
[2026-08-26 18:06:29] [INFO] 侧边栏登录入口可点击
[2026-08-26 18:06:29] [INFO] 测试结束: 侧边栏登录入口可点击
[2026-08-26 18:06:29] [INFO] 测试开始: 登录页可输入邮箱
[2026-08-26 18:06:29] [INFO] 打开登录页 /login
[2026-08-26 18:06:33] [INFO] 输入登录邮箱: qa+1787738793727@test.com
[2026-08-26 18:06:33] [INFO] 邮箱输入正常: qa+1787738793727@test.com
[2026-08-26 18:06:33] [INFO] 测试结束: 登录页可输入邮箱
[2026-08-26 18:06:34] [INFO] 测试开始: 自动化闭环入口（对话输入区）就绪
[2026-08-26 18:06:34] [INFO] 打开对话页以发起自动化闭环
[2026-08-26 18:06:40] [INFO] 自动化入口（对话输入区）可见
[2026-08-26 18:06:40] [INFO] 自动化闭环入口就绪
[2026-08-26 18:06:40] [INFO] 测试结束: 自动化闭环入口（对话输入区）就绪
[2026-08-26 18:06:41] [INFO] 测试开始: 可点击自动化类 skill 芯片发起闭环
[2026-08-26 18:06:41] [INFO] 打开对话页以发起自动化闭环
[2026-08-26 18:06:45] [INFO] 自动化入口（对话输入区）可见
[2026-08-26 18:06:45] [INFO] 发起自动化 skill: Trade Setup Automation
[2026-08-26 18:06:47] [INFO] skill 不在首屏，从 More 的 Skills hub 对话框打开: Trade Setup Automation
[2026-08-26 18:06:48] [INFO] 自动化 skill 已加载: trade-setup-automation
[2026-08-26 18:06:48] [INFO] 测试结束: 可点击自动化类 skill 芯片发起闭环
[2026-08-26 18:06:49] [INFO] 测试开始: 可通过自然语言指令发起自动化监控
[2026-08-26 18:06:49] [INFO] 打开对话页以发起自动化闭环
[2026-08-26 18:06:54] [INFO] 自动化入口（对话输入区）可见
[2026-08-26 18:06:54] [INFO] 通过指令发起自动化: 帮我设置一个监控 AAPL 每天收盘价的自动化任务
[2026-08-26 18:06:55] [INFO] 已发起自动化指令: 帮我设置一个监控 AAPL 每天收盘价的自动化任务
[2026-08-26 18:06:55] [INFO] 自动化指令已提交
[2026-08-26 18:06:55] [INFO] 测试结束: 可通过自然语言指令发起自动化监控
[2026-08-26 18:06:55] [INFO] 测试开始: 对话页展示自动化相关 skill 芯片
[2026-08-26 18:06:55] [INFO] 打开对话页以发起自动化闭环
[2026-08-26 18:07:01] [INFO] 自动化入口（对话输入区）可见
[2026-08-26 18:07:01] [INFO] 自动化类 skill 可见: true
[2026-08-26 18:07:01] [INFO] 测试结束: 对话页展示自动化相关 skill 芯片
[2026-08-26 18:07:01] [INFO] 测试数据合法性校验通过
[2026-08-26 18:07:01] [INFO] 容差工具函数校验通过
[2026-08-26 18:07:01] [INFO] 测试开始: 对话页可通过指令发起行情查询（真实入口）
[2026-08-26 18:07:08] [INFO] 已在对话发起 AAPL 行情查询
[2026-08-26 18:07:08] [INFO] 测试结束: 对话页可通过指令发起行情查询（真实入口）
[2026-08-26 18:07:09] [WARN] 金融数据校验发现 2 处异常
[2026-08-26 18:07:09] [INFO] 跨源交叉验证工具可正常执行
[2026-08-26 18:07:09] [INFO] 测试开始: 告警入口（对话输入区）就绪
[2026-08-26 18:07:09] [INFO] 打开对话页以发起告警配置
[2026-08-26 18:07:15] [INFO] 告警入口（对话输入区）可见
[2026-08-26 18:07:15] [INFO] 告警入口就绪
[2026-08-26 18:07:15] [INFO] 测试结束: 告警入口（对话输入区）就绪
[2026-08-26 18:07:15] [INFO] 测试开始: 可通过 Alpha Radar skill 发起告警配置
[2026-08-26 18:07:15] [INFO] 打开对话页以发起告警配置
[2026-08-26 18:07:21] [INFO] 告警入口（对话输入区）可见
[2026-08-26 18:07:21] [INFO] 发起告警类 skill: Alpha Radar Setup
[2026-08-26 18:07:23] [INFO] skill 不在首屏，从 More 的 Skills hub 对话框打开: Alpha Radar Setup
[2026-08-26 18:07:24] [INFO] 告警类 skill 已加载: alpha-radar-setup
[2026-08-26 18:07:24] [INFO] 测试结束: 可通过 Alpha Radar skill 发起告警配置
[2026-08-26 18:07:24] [INFO] 测试开始: 可通过对话指令创建价格告警
[2026-08-26 18:07:24] [INFO] 打开对话页以发起告警配置
[2026-08-26 18:07:30] [INFO] 告警入口（对话输入区）可见
[2026-08-26 18:07:30] [INFO] 通过对话发起告警: 请为 AAPL 设置价格超过 $200 的告警
[2026-08-26 18:07:31] [INFO] 已通过对话发起 AAPL 价格高于 $200 的告警
[2026-08-26 18:07:31] [INFO] 告警指令已提交
[2026-08-26 18:07:31] [INFO] 测试结束: 可通过对话指令创建价格告警
[2026-08-26 18:07:32] [INFO] 测试开始: 对话页展示告警相关 skill 芯片
[2026-08-26 18:07:32] [INFO] 打开对话页以发起告警配置
[2026-08-26 18:07:37] [INFO] 告警入口（对话输入区）可见
[2026-08-26 18:07:37] [INFO] 告警类 skill 可见: true
[2026-08-26 18:07:37] [INFO] 测试结束: 对话页展示告警相关 skill 芯片
